Analysis & Synthesis report for simplecpu
Mon Sep 13 13:49:55 2021
Quartus Prime Version 20.1.1 Build 720 11/11/2020 SJ Lite Edition


---------------------
; Table of Contents ;
---------------------
  1. Legal Notice
  2. Analysis & Synthesis Summary
  3. Analysis & Synthesis Settings
  4. Parallel Compilation
  5. Analysis & Synthesis Source Files Read
  6. Analysis & Synthesis Resource Usage Summary
  7. Analysis & Synthesis Resource Utilization by Entity
  8. State Machine - |simplecpu|controlunit:controller|controllerfsm:fsm|state
  9. Registers Removed During Synthesis
 10. Removed Registers Triggering Further Register Optimizations
 11. General Register Statistics
 12. Port Connectivity Checks: "controlunit:controller"
 13. Port Connectivity Checks: "asyncmem:instmem"
 14. Post-Synthesis Netlist Statistics for Top Partition
 15. Elapsed Time Per Partition
 16. Analysis & Synthesis Messages



----------------
; Legal Notice ;
----------------
Copyright (C) 2020  Intel Corporation. All rights reserved.
Your use of Intel Corporation's design tools, logic functions 
and other software and tools, and any partner logic 
functions, and any output files from any of the foregoing 
(including device programming or simulation files), and any 
associated documentation or information are expressly subject 
to the terms and conditions of the Intel Program License 
Subscription Agreement, the Intel Quartus Prime License Agreement,
the Intel FPGA IP License Agreement, or other applicable license
agreement, including, without limitation, that your use is for
the sole purpose of programming logic devices manufactured by
Intel and sold by Intel or its authorized distributors.  Please
refer to the applicable agreement for further details, at
https://fpgasoftware.intel.com/eula.



+-------------------------------------------------------------------------------+
; Analysis & Synthesis Summary                                                  ;
+---------------------------------+---------------------------------------------+
; Analysis & Synthesis Status     ; Successful - Mon Sep 13 13:49:55 2021       ;
; Quartus Prime Version           ; 20.1.1 Build 720 11/11/2020 SJ Lite Edition ;
; Revision Name                   ; simplecpu                                   ;
; Top-level Entity Name           ; simplecpu                                   ;
; Family                          ; Cyclone V                                   ;
; Logic utilization (in ALMs)     ; N/A                                         ;
; Total registers                 ; 13                                          ;
; Total pins                      ; 12                                          ;
; Total virtual pins              ; 0                                           ;
; Total block memory bits         ; 0                                           ;
; Total DSP Blocks                ; 0                                           ;
; Total HSSI RX PCSs              ; 0                                           ;
; Total HSSI PMA RX Deserializers ; 0                                           ;
; Total HSSI TX PCSs              ; 0                                           ;
; Total HSSI PMA TX Serializers   ; 0                                           ;
; Total PLLs                      ; 0                                           ;
; Total DLLs                      ; 0                                           ;
+---------------------------------+---------------------------------------------+


+---------------------------------------------------------------------------------------------------------------------------+
; Analysis & Synthesis Settings                                                                                             ;
+---------------------------------------------------------------------------------+--------------------+--------------------+
; Option                                                                          ; Setting            ; Default Value      ;
+---------------------------------------------------------------------------------+--------------------+--------------------+
; Device                                                                          ; 5CGXFC7C7F23C8     ;                    ;
; Top-level entity name                                                           ; simplecpu          ; simplecpu          ;
; Family name                                                                     ; Cyclone V          ; Cyclone V          ;
; Use smart compilation                                                           ; Off                ; Off                ;
; Enable parallel Assembler and Timing Analyzer during compilation                ; On                 ; On                 ;
; Enable compact report table                                                     ; Off                ; Off                ;
; Restructure Multiplexers                                                        ; Auto               ; Auto               ;
; MLAB Add Timing Constraints For Mixed-Port Feed-Through Mode Setting Don't Care ; Off                ; Off                ;
; Create Debugging Nodes for IP Cores                                             ; Off                ; Off                ;
; Preserve fewer node names                                                       ; On                 ; On                 ;
; Intel FPGA IP Evaluation Mode                                                   ; Enable             ; Enable             ;
; Verilog Version                                                                 ; Verilog_2001       ; Verilog_2001       ;
; VHDL Version                                                                    ; VHDL_1993          ; VHDL_1993          ;
; State Machine Processing                                                        ; Auto               ; Auto               ;
; Safe State Machine                                                              ; Off                ; Off                ;
; Extract Verilog State Machines                                                  ; On                 ; On                 ;
; Extract VHDL State Machines                                                     ; On                 ; On                 ;
; Ignore Verilog initial constructs                                               ; Off                ; Off                ;
; Iteration limit for constant Verilog loops                                      ; 5000               ; 5000               ;
; Iteration limit for non-constant Verilog loops                                  ; 250                ; 250                ;
; Add Pass-Through Logic to Inferred RAMs                                         ; On                 ; On                 ;
; Infer RAMs from Raw Logic                                                       ; On                 ; On                 ;
; Parallel Synthesis                                                              ; On                 ; On                 ;
; DSP Block Balancing                                                             ; Auto               ; Auto               ;
; NOT Gate Push-Back                                                              ; On                 ; On                 ;
; Power-Up Don't Care                                                             ; On                 ; On                 ;
; Remove Redundant Logic Cells                                                    ; Off                ; Off                ;
; Remove Duplicate Registers                                                      ; On                 ; On                 ;
; Ignore CARRY Buffers                                                            ; Off                ; Off                ;
; Ignore CASCADE Buffers                                                          ; Off                ; Off                ;
; Ignore GLOBAL Buffers                                                           ; Off                ; Off                ;
; Ignore ROW GLOBAL Buffers                                                       ; Off                ; Off                ;
; Ignore LCELL Buffers                                                            ; Off                ; Off                ;
; Ignore SOFT Buffers                                                             ; On                 ; On                 ;
; Limit AHDL Integers to 32 Bits                                                  ; Off                ; Off                ;
; Optimization Technique                                                          ; Balanced           ; Balanced           ;
; Carry Chain Length                                                              ; 70                 ; 70                 ;
; Auto Carry Chains                                                               ; On                 ; On                 ;
; Auto Open-Drain Pins                                                            ; On                 ; On                 ;
; Perform WYSIWYG Primitive Resynthesis                                           ; Off                ; Off                ;
; Auto ROM Replacement                                                            ; On                 ; On                 ;
; Auto RAM Replacement                                                            ; On                 ; On                 ;
; Auto DSP Block Replacement                                                      ; On                 ; On                 ;
; Auto Shift Register Replacement                                                 ; Auto               ; Auto               ;
; Allow Shift Register Merging across Hierarchies                                 ; Auto               ; Auto               ;
; Auto Clock Enable Replacement                                                   ; On                 ; On                 ;
; Strict RAM Replacement                                                          ; Off                ; Off                ;
; Allow Synchronous Control Signals                                               ; On                 ; On                 ;
; Force Use of Synchronous Clear Signals                                          ; Off                ; Off                ;
; Auto Resource Sharing                                                           ; Off                ; Off                ;
; Allow Any RAM Size For Recognition                                              ; Off                ; Off                ;
; Allow Any ROM Size For Recognition                                              ; Off                ; Off                ;
; Allow Any Shift Register Size For Recognition                                   ; Off                ; Off                ;
; Use LogicLock Constraints during Resource Balancing                             ; On                 ; On                 ;
; Ignore translate_off and synthesis_off directives                               ; Off                ; Off                ;
; Timing-Driven Synthesis                                                         ; On                 ; On                 ;
; Report Parameter Settings                                                       ; On                 ; On                 ;
; Report Source Assignments                                                       ; On                 ; On                 ;
; Report Connectivity Checks                                                      ; On                 ; On                 ;
; Ignore Maximum Fan-Out Assignments                                              ; Off                ; Off                ;
; Synchronization Register Chain Length                                           ; 3                  ; 3                  ;
; Power Optimization During Synthesis                                             ; Normal compilation ; Normal compilation ;
; HDL message level                                                               ; Level2             ; Level2             ;
; Suppress Register Optimization Related Messages                                 ; Off                ; Off                ;
; Number of Removed Registers Reported in Synthesis Report                        ; 5000               ; 5000               ;
; Number of Swept Nodes Reported in Synthesis Report                              ; 5000               ; 5000               ;
; Number of Inverted Registers Reported in Synthesis Report                       ; 100                ; 100                ;
; Clock MUX Protection                                                            ; On                 ; On                 ;
; Auto Gated Clock Conversion                                                     ; Off                ; Off                ;
; Block Design Naming                                                             ; Auto               ; Auto               ;
; SDC constraint protection                                                       ; Off                ; Off                ;
; Synthesis Effort                                                                ; Auto               ; Auto               ;
; Shift Register Replacement - Allow Asynchronous Clear Signal                    ; On                 ; On                 ;
; Pre-Mapping Resynthesis Optimization                                            ; Off                ; Off                ;
; Analysis & Synthesis Message Level                                              ; Medium             ; Medium             ;
; Disable Register Merging Across Hierarchies                                     ; Auto               ; Auto               ;
; Resource Aware Inference For Block RAM                                          ; On                 ; On                 ;
; Automatic Parallel Synthesis                                                    ; On                 ; On                 ;
; Partial Reconfiguration Bitstream ID                                            ; Off                ; Off                ;
+---------------------------------------------------------------------------------+--------------------+--------------------+


+------------------------------------------+
; Parallel Compilation                     ;
+----------------------------+-------------+
; Processors                 ; Number      ;
+----------------------------+-------------+
; Number detected on machine ; 4           ;
; Maximum allowed            ; 2           ;
;                            ;             ;
; Average used               ; 1.00        ;
; Maximum used               ; 2           ;
;                            ;             ;
; Usage by Processor         ; % Time Used ;
;     Processor 1            ; 100.0%      ;
;     Processor 2            ;   0.0%      ;
+----------------------------+-------------+


+--------------------------------------------------------------------------------------------------------------------------------------------------------+
; Analysis & Synthesis Source Files Read                                                                                                                 ;
+----------------------------------+-----------------+------------------------------+----------------------------------------------------------+---------+
; File Name with User-Entered Path ; Used in Netlist ; File Type                    ; File Name with Absolute Path                             ; Library ;
+----------------------------------+-----------------+------------------------------+----------------------------------------------------------+---------+
; simplecpu.sv                     ; yes             ; User SystemVerilog HDL File  ; C:/Users/ANGEL PESADO/Desktop/SimpleCPU/simplecpu.sv     ;         ;
; rf.sv                            ; yes             ; User SystemVerilog HDL File  ; C:/Users/ANGEL PESADO/Desktop/SimpleCPU/rf.sv            ;         ;
; datapath.sv                      ; yes             ; User SystemVerilog HDL File  ; C:/Users/ANGEL PESADO/Desktop/SimpleCPU/datapath.sv      ;         ;
; datamem.sv                       ; yes             ; User SystemVerilog HDL File  ; C:/Users/ANGEL PESADO/Desktop/SimpleCPU/datamem.sv       ;         ;
; controlunit.sv                   ; yes             ; User SystemVerilog HDL File  ; C:/Users/ANGEL PESADO/Desktop/SimpleCPU/controlunit.sv   ;         ;
; controllerfsm.sv                 ; yes             ; User SystemVerilog HDL File  ; C:/Users/ANGEL PESADO/Desktop/SimpleCPU/controllerfsm.sv ;         ;
; asyncmem.sv                      ; yes             ; User SystemVerilog HDL File  ; C:/Users/ANGEL PESADO/Desktop/SimpleCPU/asyncmem.sv      ;         ;
; alu.sv                           ; yes             ; User SystemVerilog HDL File  ; C:/Users/ANGEL PESADO/Desktop/SimpleCPU/alu.sv           ;         ;
+----------------------------------+-----------------+------------------------------+----------------------------------------------------------+---------+


+---------------------------------------------------------+
; Analysis & Synthesis Resource Usage Summary             ;
+---------------------------------------------+-----------+
; Resource                                    ; Usage     ;
+---------------------------------------------+-----------+
; Estimate of Logic utilization (ALMs needed) ; 7         ;
;                                             ;           ;
; Combinational ALUT usage for logic          ; 14        ;
;     -- 7 input functions                    ; 0         ;
;     -- 6 input functions                    ; 0         ;
;     -- 5 input functions                    ; 0         ;
;     -- 4 input functions                    ; 0         ;
;     -- <=3 input functions                  ; 14        ;
;                                             ;           ;
; Dedicated logic registers                   ; 13        ;
;                                             ;           ;
; I/O pins                                    ; 12        ;
;                                             ;           ;
; Total DSP Blocks                            ; 0         ;
;                                             ;           ;
; Maximum fan-out node                        ; clk~input ;
; Maximum fan-out                             ; 13        ;
; Total fan-out                               ; 94        ;
; Average fan-out                             ; 1.84      ;
+---------------------------------------------+-----------+


+---------------------------------------------------------------------------------------------------------------------------------------------------------------------------------------------------------------------------+
; Analysis & Synthesis Resource Utilization by Entity                                                                                                                                                                       ;
+-----------------------------+---------------------+---------------------------+-------------------+------------+------+--------------+-----------------------------------------------------+---------------+--------------+
; Compilation Hierarchy Node  ; Combinational ALUTs ; Dedicated Logic Registers ; Block Memory Bits ; DSP Blocks ; Pins ; Virtual Pins ; Full Hierarchy Name                                 ; Entity Name   ; Library Name ;
+-----------------------------+---------------------+---------------------------+-------------------+------------+------+--------------+-----------------------------------------------------+---------------+--------------+
; |simplecpu                  ; 14 (0)              ; 13 (0)                    ; 0                 ; 0          ; 12   ; 0            ; |simplecpu                                          ; simplecpu     ; work         ;
;    |controlunit:controller| ; 14 (11)             ; 13 (10)                   ; 0                 ; 0          ; 0    ; 0            ; |simplecpu|controlunit:controller                   ; controlunit   ; work         ;
;       |controllerfsm:fsm|   ; 3 (3)               ; 3 (3)                     ; 0                 ; 0          ; 0    ; 0            ; |simplecpu|controlunit:controller|controllerfsm:fsm ; controllerfsm ; work         ;
+-----------------------------+---------------------+---------------------------+-------------------+------------+------+--------------+-----------------------------------------------------+---------------+--------------+
Note: For table entries with two numbers listed, the numbers in parentheses indicate the number of resources of the given type used by the specific entity alone. The numbers listed outside of parentheses indicate the total resources of the given type used by the specific entity and all of its sub-entities in the hierarchy.


Encoding Type:  One-Hot
+-----------------------------------------------------------------------------------------------------------------------------------------------------------+
; State Machine - |simplecpu|controlunit:controller|controllerfsm:fsm|state                                                                                 ;
+--------------+-----------+-----------+-----------+-----------+-----------+-----------+-------------+------------+--------------+-------------+------------+
; Name         ; state.JMP ; state.NOT ; state.JMZ ; state.SUB ; state.LOC ; state.ADD ; state.STORE ; state.LOAD ; state.DECODE ; state.FETCH ; state.INIT ;
+--------------+-----------+-----------+-----------+-----------+-----------+-----------+-------------+------------+--------------+-------------+------------+
; state.INIT   ; 0         ; 0         ; 0         ; 0         ; 0         ; 0         ; 0           ; 0          ; 0            ; 0           ; 0          ;
; state.FETCH  ; 0         ; 0         ; 0         ; 0         ; 0         ; 0         ; 0           ; 0          ; 0            ; 1           ; 1          ;
; state.DECODE ; 0         ; 0         ; 0         ; 0         ; 0         ; 0         ; 0           ; 0          ; 1            ; 0           ; 1          ;
; state.LOAD   ; 0         ; 0         ; 0         ; 0         ; 0         ; 0         ; 0           ; 1          ; 0            ; 0           ; 1          ;
; state.STORE  ; 0         ; 0         ; 0         ; 0         ; 0         ; 0         ; 1           ; 0          ; 0            ; 0           ; 1          ;
; state.ADD    ; 0         ; 0         ; 0         ; 0         ; 0         ; 1         ; 0           ; 0          ; 0            ; 0           ; 1          ;
; state.LOC    ; 0         ; 0         ; 0         ; 0         ; 1         ; 0         ; 0           ; 0          ; 0            ; 0           ; 1          ;
; state.SUB    ; 0         ; 0         ; 0         ; 1         ; 0         ; 0         ; 0           ; 0          ; 0            ; 0           ; 1          ;
; state.JMZ    ; 0         ; 0         ; 1         ; 0         ; 0         ; 0         ; 0           ; 0          ; 0            ; 0           ; 1          ;
; state.NOT    ; 0         ; 1         ; 0         ; 0         ; 0         ; 0         ; 0           ; 0          ; 0            ; 0           ; 1          ;
; state.JMP    ; 1         ; 0         ; 0         ; 0         ; 0         ; 0         ; 0           ; 0          ; 0            ; 0           ; 1          ;
+--------------+-----------+-----------+-----------+-----------+-----------+-----------+-------------+------------+--------------+-------------+------------+


+-----------------------------------------------------------------------------------------------+
; Registers Removed During Synthesis                                                            ;
+------------------------------------------------------+----------------------------------------+
; Register name                                        ; Reason for Removal                     ;
+------------------------------------------------------+----------------------------------------+
; controlunit:controller|instruction_reg[0..14]        ; Stuck at GND due to stuck port data_in ;
; datapath:execunit|rf:RegBank|mem[15][15]             ; Lost fanout                            ;
; datapath:execunit|rf:RegBank|mem[15][14]             ; Lost fanout                            ;
; datapath:execunit|rf:RegBank|mem[15][13]             ; Lost fanout                            ;
; datapath:execunit|rf:RegBank|mem[15][12]             ; Lost fanout                            ;
; datapath:execunit|rf:RegBank|mem[15][11]             ; Lost fanout                            ;
; datapath:execunit|rf:RegBank|mem[15][10]             ; Lost fanout                            ;
; datapath:execunit|rf:RegBank|mem[15][9]              ; Lost fanout                            ;
; datapath:execunit|rf:RegBank|mem[15][8]              ; Lost fanout                            ;
; datapath:execunit|rf:RegBank|mem[15][7]              ; Lost fanout                            ;
; datapath:execunit|rf:RegBank|mem[15][6]              ; Lost fanout                            ;
; datapath:execunit|rf:RegBank|mem[15][5]              ; Lost fanout                            ;
; datapath:execunit|rf:RegBank|mem[15][4]              ; Lost fanout                            ;
; datapath:execunit|rf:RegBank|mem[15][3]              ; Lost fanout                            ;
; datapath:execunit|rf:RegBank|mem[15][2]              ; Lost fanout                            ;
; datapath:execunit|rf:RegBank|mem[15][1]              ; Lost fanout                            ;
; datapath:execunit|rf:RegBank|mem[15][0]              ; Lost fanout                            ;
; datapath:execunit|rf:RegBank|mem[14][15]             ; Lost fanout                            ;
; datapath:execunit|rf:RegBank|mem[14][14]             ; Lost fanout                            ;
; datapath:execunit|rf:RegBank|mem[14][13]             ; Lost fanout                            ;
; datapath:execunit|rf:RegBank|mem[14][12]             ; Lost fanout                            ;
; datapath:execunit|rf:RegBank|mem[14][11]             ; Lost fanout                            ;
; datapath:execunit|rf:RegBank|mem[14][10]             ; Lost fanout                            ;
; datapath:execunit|rf:RegBank|mem[14][9]              ; Lost fanout                            ;
; datapath:execunit|rf:RegBank|mem[14][8]              ; Lost fanout                            ;
; datapath:execunit|rf:RegBank|mem[14][7]              ; Lost fanout                            ;
; datapath:execunit|rf:RegBank|mem[14][6]              ; Lost fanout                            ;
; datapath:execunit|rf:RegBank|mem[14][5]              ; Lost fanout                            ;
; datapath:execunit|rf:RegBank|mem[14][4]              ; Lost fanout                            ;
; datapath:execunit|rf:RegBank|mem[14][3]              ; Lost fanout                            ;
; datapath:execunit|rf:RegBank|mem[14][2]              ; Lost fanout                            ;
; datapath:execunit|rf:RegBank|mem[14][1]              ; Lost fanout                            ;
; datapath:execunit|rf:RegBank|mem[14][0]              ; Lost fanout                            ;
; datapath:execunit|rf:RegBank|mem[13][15]             ; Lost fanout                            ;
; datapath:execunit|rf:RegBank|mem[13][14]             ; Lost fanout                            ;
; datapath:execunit|rf:RegBank|mem[13][13]             ; Lost fanout                            ;
; datapath:execunit|rf:RegBank|mem[13][12]             ; Lost fanout                            ;
; datapath:execunit|rf:RegBank|mem[13][11]             ; Lost fanout                            ;
; datapath:execunit|rf:RegBank|mem[13][10]             ; Lost fanout                            ;
; datapath:execunit|rf:RegBank|mem[13][9]              ; Lost fanout                            ;
; datapath:execunit|rf:RegBank|mem[13][8]              ; Lost fanout                            ;
; datapath:execunit|rf:RegBank|mem[13][7]              ; Lost fanout                            ;
; datapath:execunit|rf:RegBank|mem[13][6]              ; Lost fanout                            ;
; datapath:execunit|rf:RegBank|mem[13][5]              ; Lost fanout                            ;
; datapath:execunit|rf:RegBank|mem[13][4]              ; Lost fanout                            ;
; datapath:execunit|rf:RegBank|mem[13][3]              ; Lost fanout                            ;
; datapath:execunit|rf:RegBank|mem[13][2]              ; Lost fanout                            ;
; datapath:execunit|rf:RegBank|mem[13][1]              ; Lost fanout                            ;
; datapath:execunit|rf:RegBank|mem[13][0]              ; Lost fanout                            ;
; datapath:execunit|rf:RegBank|mem[12][15]             ; Lost fanout                            ;
; datapath:execunit|rf:RegBank|mem[12][14]             ; Lost fanout                            ;
; datapath:execunit|rf:RegBank|mem[12][13]             ; Lost fanout                            ;
; datapath:execunit|rf:RegBank|mem[12][12]             ; Lost fanout                            ;
; datapath:execunit|rf:RegBank|mem[12][11]             ; Lost fanout                            ;
; datapath:execunit|rf:RegBank|mem[12][10]             ; Lost fanout                            ;
; datapath:execunit|rf:RegBank|mem[12][9]              ; Lost fanout                            ;
; datapath:execunit|rf:RegBank|mem[12][8]              ; Lost fanout                            ;
; datapath:execunit|rf:RegBank|mem[12][7]              ; Lost fanout                            ;
; datapath:execunit|rf:RegBank|mem[12][6]              ; Lost fanout                            ;
; datapath:execunit|rf:RegBank|mem[12][5]              ; Lost fanout                            ;
; datapath:execunit|rf:RegBank|mem[12][4]              ; Lost fanout                            ;
; datapath:execunit|rf:RegBank|mem[12][3]              ; Lost fanout                            ;
; datapath:execunit|rf:RegBank|mem[12][2]              ; Lost fanout                            ;
; datapath:execunit|rf:RegBank|mem[12][1]              ; Lost fanout                            ;
; datapath:execunit|rf:RegBank|mem[12][0]              ; Lost fanout                            ;
; datapath:execunit|rf:RegBank|mem[11][15]             ; Lost fanout                            ;
; datapath:execunit|rf:RegBank|mem[11][14]             ; Lost fanout                            ;
; datapath:execunit|rf:RegBank|mem[11][13]             ; Lost fanout                            ;
; datapath:execunit|rf:RegBank|mem[11][12]             ; Lost fanout                            ;
; datapath:execunit|rf:RegBank|mem[11][11]             ; Lost fanout                            ;
; datapath:execunit|rf:RegBank|mem[11][10]             ; Lost fanout                            ;
; datapath:execunit|rf:RegBank|mem[11][9]              ; Lost fanout                            ;
; datapath:execunit|rf:RegBank|mem[11][8]              ; Lost fanout                            ;
; datapath:execunit|rf:RegBank|mem[11][7]              ; Lost fanout                            ;
; datapath:execunit|rf:RegBank|mem[11][6]              ; Lost fanout                            ;
; datapath:execunit|rf:RegBank|mem[11][5]              ; Lost fanout                            ;
; datapath:execunit|rf:RegBank|mem[11][4]              ; Lost fanout                            ;
; datapath:execunit|rf:RegBank|mem[11][3]              ; Lost fanout                            ;
; datapath:execunit|rf:RegBank|mem[11][2]              ; Lost fanout                            ;
; datapath:execunit|rf:RegBank|mem[11][1]              ; Lost fanout                            ;
; datapath:execunit|rf:RegBank|mem[11][0]              ; Lost fanout                            ;
; datapath:execunit|rf:RegBank|mem[10][15]             ; Lost fanout                            ;
; datapath:execunit|rf:RegBank|mem[10][14]             ; Lost fanout                            ;
; datapath:execunit|rf:RegBank|mem[10][13]             ; Lost fanout                            ;
; datapath:execunit|rf:RegBank|mem[10][12]             ; Lost fanout                            ;
; datapath:execunit|rf:RegBank|mem[10][11]             ; Lost fanout                            ;
; datapath:execunit|rf:RegBank|mem[10][10]             ; Lost fanout                            ;
; datapath:execunit|rf:RegBank|mem[10][9]              ; Lost fanout                            ;
; datapath:execunit|rf:RegBank|mem[10][8]              ; Lost fanout                            ;
; datapath:execunit|rf:RegBank|mem[10][7]              ; Lost fanout                            ;
; datapath:execunit|rf:RegBank|mem[10][6]              ; Lost fanout                            ;
; datapath:execunit|rf:RegBank|mem[10][5]              ; Lost fanout                            ;
; datapath:execunit|rf:RegBank|mem[10][4]              ; Lost fanout                            ;
; datapath:execunit|rf:RegBank|mem[10][3]              ; Lost fanout                            ;
; datapath:execunit|rf:RegBank|mem[10][2]              ; Lost fanout                            ;
; datapath:execunit|rf:RegBank|mem[10][1]              ; Lost fanout                            ;
; datapath:execunit|rf:RegBank|mem[10][0]              ; Lost fanout                            ;
; datapath:execunit|rf:RegBank|mem[9][15]              ; Lost fanout                            ;
; datapath:execunit|rf:RegBank|mem[9][14]              ; Lost fanout                            ;
; datapath:execunit|rf:RegBank|mem[9][13]              ; Lost fanout                            ;
; datapath:execunit|rf:RegBank|mem[9][12]              ; Lost fanout                            ;
; datapath:execunit|rf:RegBank|mem[9][11]              ; Lost fanout                            ;
; datapath:execunit|rf:RegBank|mem[9][10]              ; Lost fanout                            ;
; datapath:execunit|rf:RegBank|mem[9][9]               ; Lost fanout                            ;
; datapath:execunit|rf:RegBank|mem[9][8]               ; Lost fanout                            ;
; datapath:execunit|rf:RegBank|mem[9][7]               ; Lost fanout                            ;
; datapath:execunit|rf:RegBank|mem[9][6]               ; Lost fanout                            ;
; datapath:execunit|rf:RegBank|mem[9][5]               ; Lost fanout                            ;
; datapath:execunit|rf:RegBank|mem[9][4]               ; Lost fanout                            ;
; datapath:execunit|rf:RegBank|mem[9][3]               ; Lost fanout                            ;
; datapath:execunit|rf:RegBank|mem[9][2]               ; Lost fanout                            ;
; datapath:execunit|rf:RegBank|mem[9][1]               ; Lost fanout                            ;
; datapath:execunit|rf:RegBank|mem[9][0]               ; Lost fanout                            ;
; datapath:execunit|rf:RegBank|mem[8][15]              ; Lost fanout                            ;
; datapath:execunit|rf:RegBank|mem[8][14]              ; Lost fanout                            ;
; datapath:execunit|rf:RegBank|mem[8][13]              ; Lost fanout                            ;
; datapath:execunit|rf:RegBank|mem[8][12]              ; Lost fanout                            ;
; datapath:execunit|rf:RegBank|mem[8][11]              ; Lost fanout                            ;
; datapath:execunit|rf:RegBank|mem[8][10]              ; Lost fanout                            ;
; datapath:execunit|rf:RegBank|mem[8][9]               ; Lost fanout                            ;
; datapath:execunit|rf:RegBank|mem[8][8]               ; Lost fanout                            ;
; datapath:execunit|rf:RegBank|mem[8][7]               ; Lost fanout                            ;
; datapath:execunit|rf:RegBank|mem[8][6]               ; Lost fanout                            ;
; datapath:execunit|rf:RegBank|mem[8][5]               ; Lost fanout                            ;
; datapath:execunit|rf:RegBank|mem[8][4]               ; Lost fanout                            ;
; datapath:execunit|rf:RegBank|mem[8][3]               ; Lost fanout                            ;
; datapath:execunit|rf:RegBank|mem[8][2]               ; Lost fanout                            ;
; datapath:execunit|rf:RegBank|mem[8][1]               ; Lost fanout                            ;
; datapath:execunit|rf:RegBank|mem[8][0]               ; Lost fanout                            ;
; datapath:execunit|rf:RegBank|mem[7][15]              ; Lost fanout                            ;
; datapath:execunit|rf:RegBank|mem[7][14]              ; Lost fanout                            ;
; datapath:execunit|rf:RegBank|mem[7][13]              ; Lost fanout                            ;
; datapath:execunit|rf:RegBank|mem[7][12]              ; Lost fanout                            ;
; datapath:execunit|rf:RegBank|mem[7][11]              ; Lost fanout                            ;
; datapath:execunit|rf:RegBank|mem[7][10]              ; Lost fanout                            ;
; datapath:execunit|rf:RegBank|mem[7][9]               ; Lost fanout                            ;
; datapath:execunit|rf:RegBank|mem[7][8]               ; Lost fanout                            ;
; datapath:execunit|rf:RegBank|mem[7][7]               ; Lost fanout                            ;
; datapath:execunit|rf:RegBank|mem[7][6]               ; Lost fanout                            ;
; datapath:execunit|rf:RegBank|mem[7][5]               ; Lost fanout                            ;
; datapath:execunit|rf:RegBank|mem[7][4]               ; Lost fanout                            ;
; datapath:execunit|rf:RegBank|mem[7][3]               ; Lost fanout                            ;
; datapath:execunit|rf:RegBank|mem[7][2]               ; Lost fanout                            ;
; datapath:execunit|rf:RegBank|mem[7][1]               ; Lost fanout                            ;
; datapath:execunit|rf:RegBank|mem[7][0]               ; Lost fanout                            ;
; datapath:execunit|rf:RegBank|mem[6][15]              ; Lost fanout                            ;
; datapath:execunit|rf:RegBank|mem[6][14]              ; Lost fanout                            ;
; datapath:execunit|rf:RegBank|mem[6][13]              ; Lost fanout                            ;
; datapath:execunit|rf:RegBank|mem[6][12]              ; Lost fanout                            ;
; datapath:execunit|rf:RegBank|mem[6][11]              ; Lost fanout                            ;
; datapath:execunit|rf:RegBank|mem[6][10]              ; Lost fanout                            ;
; datapath:execunit|rf:RegBank|mem[6][9]               ; Lost fanout                            ;
; datapath:execunit|rf:RegBank|mem[6][8]               ; Lost fanout                            ;
; datapath:execunit|rf:RegBank|mem[6][7]               ; Lost fanout                            ;
; datapath:execunit|rf:RegBank|mem[6][6]               ; Lost fanout                            ;
; datapath:execunit|rf:RegBank|mem[6][5]               ; Lost fanout                            ;
; datapath:execunit|rf:RegBank|mem[6][4]               ; Lost fanout                            ;
; datapath:execunit|rf:RegBank|mem[6][3]               ; Lost fanout                            ;
; datapath:execunit|rf:RegBank|mem[6][2]               ; Lost fanout                            ;
; datapath:execunit|rf:RegBank|mem[6][1]               ; Lost fanout                            ;
; datapath:execunit|rf:RegBank|mem[6][0]               ; Lost fanout                            ;
; datapath:execunit|rf:RegBank|mem[5][15]              ; Lost fanout                            ;
; datapath:execunit|rf:RegBank|mem[5][14]              ; Lost fanout                            ;
; datapath:execunit|rf:RegBank|mem[5][13]              ; Lost fanout                            ;
; datapath:execunit|rf:RegBank|mem[5][12]              ; Lost fanout                            ;
; datapath:execunit|rf:RegBank|mem[5][11]              ; Lost fanout                            ;
; datapath:execunit|rf:RegBank|mem[5][10]              ; Lost fanout                            ;
; datapath:execunit|rf:RegBank|mem[5][9]               ; Lost fanout                            ;
; datapath:execunit|rf:RegBank|mem[5][8]               ; Lost fanout                            ;
; datapath:execunit|rf:RegBank|mem[5][7]               ; Lost fanout                            ;
; datapath:execunit|rf:RegBank|mem[5][6]               ; Lost fanout                            ;
; datapath:execunit|rf:RegBank|mem[5][5]               ; Lost fanout                            ;
; datapath:execunit|rf:RegBank|mem[5][4]               ; Lost fanout                            ;
; datapath:execunit|rf:RegBank|mem[5][3]               ; Lost fanout                            ;
; datapath:execunit|rf:RegBank|mem[5][2]               ; Lost fanout                            ;
; datapath:execunit|rf:RegBank|mem[5][1]               ; Lost fanout                            ;
; datapath:execunit|rf:RegBank|mem[5][0]               ; Lost fanout                            ;
; datapath:execunit|rf:RegBank|mem[4][15]              ; Lost fanout                            ;
; datapath:execunit|rf:RegBank|mem[4][14]              ; Lost fanout                            ;
; datapath:execunit|rf:RegBank|mem[4][13]              ; Lost fanout                            ;
; datapath:execunit|rf:RegBank|mem[4][12]              ; Lost fanout                            ;
; datapath:execunit|rf:RegBank|mem[4][11]              ; Lost fanout                            ;
; datapath:execunit|rf:RegBank|mem[4][10]              ; Lost fanout                            ;
; datapath:execunit|rf:RegBank|mem[4][9]               ; Lost fanout                            ;
; datapath:execunit|rf:RegBank|mem[4][8]               ; Lost fanout                            ;
; datapath:execunit|rf:RegBank|mem[4][7]               ; Lost fanout                            ;
; datapath:execunit|rf:RegBank|mem[4][6]               ; Lost fanout                            ;
; datapath:execunit|rf:RegBank|mem[4][5]               ; Lost fanout                            ;
; datapath:execunit|rf:RegBank|mem[4][4]               ; Lost fanout                            ;
; datapath:execunit|rf:RegBank|mem[4][3]               ; Lost fanout                            ;
; datapath:execunit|rf:RegBank|mem[4][2]               ; Lost fanout                            ;
; datapath:execunit|rf:RegBank|mem[4][1]               ; Lost fanout                            ;
; datapath:execunit|rf:RegBank|mem[4][0]               ; Lost fanout                            ;
; datapath:execunit|rf:RegBank|mem[3][15]              ; Lost fanout                            ;
; datapath:execunit|rf:RegBank|mem[3][14]              ; Lost fanout                            ;
; datapath:execunit|rf:RegBank|mem[3][13]              ; Lost fanout                            ;
; datapath:execunit|rf:RegBank|mem[3][12]              ; Lost fanout                            ;
; datapath:execunit|rf:RegBank|mem[3][11]              ; Lost fanout                            ;
; datapath:execunit|rf:RegBank|mem[3][10]              ; Lost fanout                            ;
; datapath:execunit|rf:RegBank|mem[3][9]               ; Lost fanout                            ;
; datapath:execunit|rf:RegBank|mem[3][8]               ; Lost fanout                            ;
; datapath:execunit|rf:RegBank|mem[3][7]               ; Lost fanout                            ;
; datapath:execunit|rf:RegBank|mem[3][6]               ; Lost fanout                            ;
; datapath:execunit|rf:RegBank|mem[3][5]               ; Lost fanout                            ;
; datapath:execunit|rf:RegBank|mem[3][4]               ; Lost fanout                            ;
; datapath:execunit|rf:RegBank|mem[3][3]               ; Lost fanout                            ;
; datapath:execunit|rf:RegBank|mem[3][2]               ; Lost fanout                            ;
; datapath:execunit|rf:RegBank|mem[3][1]               ; Lost fanout                            ;
; datapath:execunit|rf:RegBank|mem[3][0]               ; Lost fanout                            ;
; datapath:execunit|rf:RegBank|mem[2][15]              ; Lost fanout                            ;
; datapath:execunit|rf:RegBank|mem[2][14]              ; Lost fanout                            ;
; datapath:execunit|rf:RegBank|mem[2][13]              ; Lost fanout                            ;
; datapath:execunit|rf:RegBank|mem[2][12]              ; Lost fanout                            ;
; datapath:execunit|rf:RegBank|mem[2][11]              ; Lost fanout                            ;
; datapath:execunit|rf:RegBank|mem[2][10]              ; Lost fanout                            ;
; datapath:execunit|rf:RegBank|mem[2][9]               ; Lost fanout                            ;
; datapath:execunit|rf:RegBank|mem[2][8]               ; Lost fanout                            ;
; datapath:execunit|rf:RegBank|mem[2][7]               ; Lost fanout                            ;
; datapath:execunit|rf:RegBank|mem[2][6]               ; Lost fanout                            ;
; datapath:execunit|rf:RegBank|mem[2][5]               ; Lost fanout                            ;
; datapath:execunit|rf:RegBank|mem[2][4]               ; Lost fanout                            ;
; datapath:execunit|rf:RegBank|mem[2][3]               ; Lost fanout                            ;
; datapath:execunit|rf:RegBank|mem[2][2]               ; Lost fanout                            ;
; datapath:execunit|rf:RegBank|mem[2][1]               ; Lost fanout                            ;
; datapath:execunit|rf:RegBank|mem[2][0]               ; Lost fanout                            ;
; datapath:execunit|rf:RegBank|mem[1][15]              ; Lost fanout                            ;
; datapath:execunit|rf:RegBank|mem[1][14]              ; Lost fanout                            ;
; datapath:execunit|rf:RegBank|mem[1][13]              ; Lost fanout                            ;
; datapath:execunit|rf:RegBank|mem[1][12]              ; Lost fanout                            ;
; datapath:execunit|rf:RegBank|mem[1][11]              ; Lost fanout                            ;
; datapath:execunit|rf:RegBank|mem[1][10]              ; Lost fanout                            ;
; datapath:execunit|rf:RegBank|mem[1][9]               ; Lost fanout                            ;
; datapath:execunit|rf:RegBank|mem[1][8]               ; Lost fanout                            ;
; datapath:execunit|rf:RegBank|mem[1][7]               ; Lost fanout                            ;
; datapath:execunit|rf:RegBank|mem[1][6]               ; Lost fanout                            ;
; datapath:execunit|rf:RegBank|mem[1][5]               ; Lost fanout                            ;
; datapath:execunit|rf:RegBank|mem[1][4]               ; Lost fanout                            ;
; datapath:execunit|rf:RegBank|mem[1][3]               ; Lost fanout                            ;
; datapath:execunit|rf:RegBank|mem[1][2]               ; Lost fanout                            ;
; datapath:execunit|rf:RegBank|mem[1][1]               ; Lost fanout                            ;
; datapath:execunit|rf:RegBank|mem[1][0]               ; Lost fanout                            ;
; datapath:execunit|rf:RegBank|mem[0][0]               ; Lost fanout                            ;
; datapath:execunit|rf:RegBank|mem[0][1]               ; Lost fanout                            ;
; datapath:execunit|rf:RegBank|mem[0][2]               ; Lost fanout                            ;
; datapath:execunit|rf:RegBank|mem[0][3]               ; Lost fanout                            ;
; datapath:execunit|rf:RegBank|mem[0][4]               ; Lost fanout                            ;
; datapath:execunit|rf:RegBank|mem[0][5]               ; Lost fanout                            ;
; datapath:execunit|rf:RegBank|mem[0][6]               ; Lost fanout                            ;
; datapath:execunit|rf:RegBank|mem[0][7]               ; Lost fanout                            ;
; datapath:execunit|rf:RegBank|mem[0][8]               ; Lost fanout                            ;
; datapath:execunit|rf:RegBank|mem[0][9]               ; Lost fanout                            ;
; datapath:execunit|rf:RegBank|mem[0][10]              ; Lost fanout                            ;
; datapath:execunit|rf:RegBank|mem[0][11]              ; Lost fanout                            ;
; datapath:execunit|rf:RegBank|mem[0][12]              ; Lost fanout                            ;
; datapath:execunit|rf:RegBank|mem[0][13]              ; Lost fanout                            ;
; datapath:execunit|rf:RegBank|mem[0][14]              ; Lost fanout                            ;
; datapath:execunit|rf:RegBank|mem[0][15]              ; Lost fanout                            ;
; controlunit:controller|controllerfsm:fsm|state.ADD   ; Lost fanout                            ;
; controlunit:controller|controllerfsm:fsm|state.LOAD  ; Lost fanout                            ;
; controlunit:controller|controllerfsm:fsm|state.STORE ; Lost fanout                            ;
; controlunit:controller|controllerfsm:fsm|state.LOC   ; Lost fanout                            ;
; controlunit:controller|controllerfsm:fsm|state.SUB   ; Lost fanout                            ;
; controlunit:controller|controllerfsm:fsm|state.JMZ   ; Lost fanout                            ;
; controlunit:controller|controllerfsm:fsm|state.NOT   ; Lost fanout                            ;
; controlunit:controller|controllerfsm:fsm|state.JMP   ; Lost fanout                            ;
; controlunit:controller|controllerfsm:fsm|state~2     ; Lost fanout                            ;
; controlunit:controller|controllerfsm:fsm|state~3     ; Lost fanout                            ;
; controlunit:controller|controllerfsm:fsm|state~4     ; Lost fanout                            ;
; controlunit:controller|controllerfsm:fsm|state~5     ; Lost fanout                            ;
; controlunit:controller|progcntr[10..15]              ; Lost fanout                            ;
; Total Number of Removed Registers = 289              ;                                        ;
+------------------------------------------------------+----------------------------------------+


+-------------------------------------------------------------------------------------------------------------------------------------------------------------+
; Removed Registers Triggering Further Register Optimizations                                                                                                 ;
+-------------------------------------------+---------------------------+-------------------------------------------------------------------------------------+
; Register name                             ; Reason for Removal        ; Registers Removed due to This Register                                              ;
+-------------------------------------------+---------------------------+-------------------------------------------------------------------------------------+
; controlunit:controller|instruction_reg[0] ; Stuck at GND              ; datapath:execunit|rf:RegBank|mem[15][15], datapath:execunit|rf:RegBank|mem[15][14], ;
;                                           ; due to stuck port data_in ; datapath:execunit|rf:RegBank|mem[15][13], datapath:execunit|rf:RegBank|mem[15][12], ;
;                                           ;                           ; datapath:execunit|rf:RegBank|mem[15][11], datapath:execunit|rf:RegBank|mem[15][10], ;
;                                           ;                           ; datapath:execunit|rf:RegBank|mem[15][9], datapath:execunit|rf:RegBank|mem[15][8],   ;
;                                           ;                           ; datapath:execunit|rf:RegBank|mem[15][7], datapath:execunit|rf:RegBank|mem[15][6],   ;
;                                           ;                           ; datapath:execunit|rf:RegBank|mem[15][5], datapath:execunit|rf:RegBank|mem[15][4],   ;
;                                           ;                           ; datapath:execunit|rf:RegBank|mem[14][15], datapath:execunit|rf:RegBank|mem[14][14], ;
;                                           ;                           ; datapath:execunit|rf:RegBank|mem[14][13], datapath:execunit|rf:RegBank|mem[14][12], ;
;                                           ;                           ; datapath:execunit|rf:RegBank|mem[14][11], datapath:execunit|rf:RegBank|mem[14][10], ;
;                                           ;                           ; datapath:execunit|rf:RegBank|mem[14][9], datapath:execunit|rf:RegBank|mem[14][8],   ;
;                                           ;                           ; datapath:execunit|rf:RegBank|mem[14][7], datapath:execunit|rf:RegBank|mem[14][6],   ;
;                                           ;                           ; datapath:execunit|rf:RegBank|mem[14][5], datapath:execunit|rf:RegBank|mem[14][4],   ;
;                                           ;                           ; datapath:execunit|rf:RegBank|mem[13][15], datapath:execunit|rf:RegBank|mem[13][14], ;
;                                           ;                           ; datapath:execunit|rf:RegBank|mem[13][13], datapath:execunit|rf:RegBank|mem[13][12], ;
;                                           ;                           ; datapath:execunit|rf:RegBank|mem[13][11], datapath:execunit|rf:RegBank|mem[13][10], ;
;                                           ;                           ; datapath:execunit|rf:RegBank|mem[13][9], datapath:execunit|rf:RegBank|mem[13][8],   ;
;                                           ;                           ; datapath:execunit|rf:RegBank|mem[13][7], datapath:execunit|rf:RegBank|mem[13][6],   ;
;                                           ;                           ; datapath:execunit|rf:RegBank|mem[13][5], datapath:execunit|rf:RegBank|mem[13][4],   ;
;                                           ;                           ; datapath:execunit|rf:RegBank|mem[12][15], datapath:execunit|rf:RegBank|mem[12][14], ;
;                                           ;                           ; datapath:execunit|rf:RegBank|mem[12][13], datapath:execunit|rf:RegBank|mem[12][12], ;
;                                           ;                           ; datapath:execunit|rf:RegBank|mem[12][11], datapath:execunit|rf:RegBank|mem[12][10], ;
;                                           ;                           ; datapath:execunit|rf:RegBank|mem[12][9], datapath:execunit|rf:RegBank|mem[12][8],   ;
;                                           ;                           ; datapath:execunit|rf:RegBank|mem[12][7], datapath:execunit|rf:RegBank|mem[12][6],   ;
;                                           ;                           ; datapath:execunit|rf:RegBank|mem[12][5], datapath:execunit|rf:RegBank|mem[12][4],   ;
;                                           ;                           ; datapath:execunit|rf:RegBank|mem[11][15], datapath:execunit|rf:RegBank|mem[11][14], ;
;                                           ;                           ; datapath:execunit|rf:RegBank|mem[11][13], datapath:execunit|rf:RegBank|mem[11][12], ;
;                                           ;                           ; datapath:execunit|rf:RegBank|mem[11][11], datapath:execunit|rf:RegBank|mem[11][10], ;
;                                           ;                           ; datapath:execunit|rf:RegBank|mem[11][9], datapath:execunit|rf:RegBank|mem[11][8],   ;
;                                           ;                           ; datapath:execunit|rf:RegBank|mem[11][7], datapath:execunit|rf:RegBank|mem[11][6],   ;
;                                           ;                           ; datapath:execunit|rf:RegBank|mem[11][5], datapath:execunit|rf:RegBank|mem[11][4],   ;
;                                           ;                           ; datapath:execunit|rf:RegBank|mem[0][0], datapath:execunit|rf:RegBank|mem[0][1],     ;
;                                           ;                           ; datapath:execunit|rf:RegBank|mem[0][2], datapath:execunit|rf:RegBank|mem[0][3],     ;
;                                           ;                           ; datapath:execunit|rf:RegBank|mem[0][4], datapath:execunit|rf:RegBank|mem[0][5],     ;
;                                           ;                           ; datapath:execunit|rf:RegBank|mem[0][6], datapath:execunit|rf:RegBank|mem[0][7],     ;
;                                           ;                           ; controlunit:controller|progcntr[10], controlunit:controller|progcntr[11],           ;
;                                           ;                           ; controlunit:controller|progcntr[12], controlunit:controller|progcntr[13],           ;
;                                           ;                           ; controlunit:controller|progcntr[14], controlunit:controller|progcntr[15]            ;
+-------------------------------------------+---------------------------+-------------------------------------------------------------------------------------+


+------------------------------------------------------+
; General Register Statistics                          ;
+----------------------------------------------+-------+
; Statistic                                    ; Value ;
+----------------------------------------------+-------+
; Total registers                              ; 13    ;
; Number of registers using Synchronous Clear  ; 10    ;
; Number of registers using Synchronous Load   ; 0     ;
; Number of registers using Asynchronous Clear ; 0     ;
; Number of registers using Asynchronous Load  ; 0     ;
; Number of registers using Clock Enable       ; 0     ;
; Number of registers using Preset             ; 0     ;
+----------------------------------------------+-------+


+---------------------------------------------------------------------------------------------------------------------+
; Port Connectivity Checks: "controlunit:controller"                                                                  ;
+-----------+--------+----------+-------------------------------------------------------------------------------------+
; Port      ; Type   ; Severity ; Details                                                                             ;
+-----------+--------+----------+-------------------------------------------------------------------------------------+
; RF_W_data ; Output ; Info     ; Connected to dangling logic. Logic that only feeds a dangling port will be removed. ;
+-----------+--------+----------+-------------------------------------------------------------------------------------+


+----------------------------------------------+
; Port Connectivity Checks: "asyncmem:instmem" ;
+---------+-------+----------+-----------------+
; Port    ; Type  ; Severity ; Details         ;
+---------+-------+----------+-----------------+
; waddr   ; Input ; Info     ; Stuck at GND    ;
; data_in ; Input ; Info     ; Stuck at GND    ;
; we      ; Input ; Info     ; Stuck at GND    ;
; clk     ; Input ; Info     ; Stuck at GND    ;
+---------+-------+----------+-----------------+


+-----------------------------------------------------+
; Post-Synthesis Netlist Statistics for Top Partition ;
+-----------------------+-----------------------------+
; Type                  ; Count                       ;
+-----------------------+-----------------------------+
; arriav_ff             ; 13                          ;
;     SCLR              ; 10                          ;
;     plain             ; 3                           ;
; arriav_lcell_comb     ; 14                          ;
;     arith             ; 10                          ;
;         1 data inputs ; 1                           ;
;         2 data inputs ; 9                           ;
;     normal            ; 4                           ;
;         1 data inputs ; 1                           ;
;         2 data inputs ; 2                           ;
;         3 data inputs ; 1                           ;
; boundary_port         ; 12                          ;
;                       ;                             ;
; Max LUT depth         ; 1.90                        ;
; Average LUT depth     ; 1.44                        ;
+-----------------------+-----------------------------+


+-------------------------------+
; Elapsed Time Per Partition    ;
+----------------+--------------+
; Partition Name ; Elapsed Time ;
+----------------+--------------+
; Top            ; 00:00:00     ;
+----------------+--------------+


+-------------------------------+
; Analysis & Synthesis Messages ;
+-------------------------------+
Info: *******************************************************************
Info: Running Quartus Prime Analysis & Synthesis
    Info: Version 20.1.1 Build 720 11/11/2020 SJ Lite Edition
    Info: Processing started: Mon Sep 13 13:49:38 2021
Info: Command: quartus_map --read_settings_files=on --write_settings_files=off simplecpu -c simplecpu
Warning (18236): Number of processors has not been specified which may cause overloading on shared machines.  Set the global assignment NUM_PARALLEL_PROCESSORS in your QSF to an appropriate value for best performance.
Info (20030): Parallel compilation is enabled and will use 2 of the 2 processors detected
Info (12021): Found 1 design units, including 1 entities, in source file simplecpu_tb.sv
    Info (12023): Found entity 1: simplecpu_tb File: C:/Users/ANGEL PESADO/Desktop/SimpleCPU/simplecpu_tb.sv Line: 2
Info (12021): Found 1 design units, including 1 entities, in source file simplecpu.sv
    Info (12023): Found entity 1: simplecpu File: C:/Users/ANGEL PESADO/Desktop/SimpleCPU/simplecpu.sv Line: 1
Info (12021): Found 1 design units, including 1 entities, in source file rf.sv
    Info (12023): Found entity 1: rf File: C:/Users/ANGEL PESADO/Desktop/SimpleCPU/rf.sv Line: 1
Info (12021): Found 1 design units, including 1 entities, in source file datapath.sv
    Info (12023): Found entity 1: datapath File: C:/Users/ANGEL PESADO/Desktop/SimpleCPU/datapath.sv Line: 1
Info (12021): Found 1 design units, including 1 entities, in source file datamem.sv
    Info (12023): Found entity 1: datamem File: C:/Users/ANGEL PESADO/Desktop/SimpleCPU/datamem.sv Line: 1
Info (12021): Found 1 design units, including 1 entities, in source file controlunit.sv
    Info (12023): Found entity 1: controlunit File: C:/Users/ANGEL PESADO/Desktop/SimpleCPU/controlunit.sv Line: 1
Info (12021): Found 1 design units, including 1 entities, in source file controllerfsm.sv
    Info (12023): Found entity 1: controllerfsm File: C:/Users/ANGEL PESADO/Desktop/SimpleCPU/controllerfsm.sv Line: 19
Info (12021): Found 1 design units, including 1 entities, in source file asyncmem.sv
    Info (12023): Found entity 1: asyncmem File: C:/Users/ANGEL PESADO/Desktop/SimpleCPU/asyncmem.sv Line: 1
Info (12021): Found 1 design units, including 1 entities, in source file alu.sv
    Info (12023): Found entity 1: alu File: C:/Users/ANGEL PESADO/Desktop/SimpleCPU/alu.sv Line: 1
Info (12127): Elaborating entity "simplecpu" for the top level hierarchy
Info (12128): Elaborating entity "asyncmem" for hierarchy "asyncmem:instmem" File: C:/Users/ANGEL PESADO/Desktop/SimpleCPU/simplecpu.sv Line: 40
Info (12128): Elaborating entity "controlunit" for hierarchy "controlunit:controller" File: C:/Users/ANGEL PESADO/Desktop/SimpleCPU/simplecpu.sv Line: 49
Info (12128): Elaborating entity "controllerfsm" for hierarchy "controlunit:controller|controllerfsm:fsm" File: C:/Users/ANGEL PESADO/Desktop/SimpleCPU/controlunit.sv Line: 77
Warning (10270): Verilog HDL Case Statement warning at controllerfsm.sv(130): incomplete case statement has no default case item File: C:/Users/ANGEL PESADO/Desktop/SimpleCPU/controllerfsm.sv Line: 130
Info (10264): Verilog HDL Case Statement information at controllerfsm.sv(130): all case item expressions in this case statement are onehot File: C:/Users/ANGEL PESADO/Desktop/SimpleCPU/controllerfsm.sv Line: 130
Info (12128): Elaborating entity "datapath" for hierarchy "datapath:execunit" File: C:/Users/ANGEL PESADO/Desktop/SimpleCPU/simplecpu.sv Line: 56
Warning (10230): Verilog HDL assignment warning at datapath.sv(35): truncated value with size 16 to match size of target (1) File: C:/Users/ANGEL PESADO/Desktop/SimpleCPU/datapath.sv Line: 35
Info (12128): Elaborating entity "rf" for hierarchy "datapath:execunit|rf:RegBank" File: C:/Users/ANGEL PESADO/Desktop/SimpleCPU/datapath.sv Line: 49
Warning (10240): Verilog HDL Always Construct warning at rf.sv(19): inferring latch(es) for variable "i", which holds its previous value in one or more paths through the always construct File: C:/Users/ANGEL PESADO/Desktop/SimpleCPU/rf.sv Line: 19
Info (12128): Elaborating entity "alu" for hierarchy "datapath:execunit|alu:ALU" File: C:/Users/ANGEL PESADO/Desktop/SimpleCPU/datapath.sv Line: 57
Info (12128): Elaborating entity "datamem" for hierarchy "datamem:datamemory" File: C:/Users/ANGEL PESADO/Desktop/SimpleCPU/simplecpu.sv Line: 69
Info (276014): Found 1 instances of uninferred RAM logic
    Info (276007): RAM logic "datamem:datamemory|mem_array" is uninferred due to asynchronous read logic File: C:/Users/ANGEL PESADO/Desktop/SimpleCPU/datamem.sv Line: 11
Warning (13046): Tri-state node(s) do not directly drive top-level pin(s)
    Warning (13049): Converted tri-state buffer "datamem:datamemory|R_data[0]" feeding internal logic into a wire File: C:/Users/ANGEL PESADO/Desktop/SimpleCPU/datamem.sv Line: 9
    Warning (13049): Converted tri-state buffer "datamem:datamemory|R_data[1]" feeding internal logic into a wire File: C:/Users/ANGEL PESADO/Desktop/SimpleCPU/datamem.sv Line: 9
    Warning (13049): Converted tri-state buffer "datamem:datamemory|R_data[2]" feeding internal logic into a wire File: C:/Users/ANGEL PESADO/Desktop/SimpleCPU/datamem.sv Line: 9
    Warning (13049): Converted tri-state buffer "datamem:datamemory|R_data[3]" feeding internal logic into a wire File: C:/Users/ANGEL PESADO/Desktop/SimpleCPU/datamem.sv Line: 9
    Warning (13049): Converted tri-state buffer "datamem:datamemory|R_data[4]" feeding internal logic into a wire File: C:/Users/ANGEL PESADO/Desktop/SimpleCPU/datamem.sv Line: 9
    Warning (13049): Converted tri-state buffer "datamem:datamemory|R_data[5]" feeding internal logic into a wire File: C:/Users/ANGEL PESADO/Desktop/SimpleCPU/datamem.sv Line: 9
    Warning (13049): Converted tri-state buffer "datamem:datamemory|R_data[6]" feeding internal logic into a wire File: C:/Users/ANGEL PESADO/Desktop/SimpleCPU/datamem.sv Line: 9
    Warning (13049): Converted tri-state buffer "datamem:datamemory|R_data[7]" feeding internal logic into a wire File: C:/Users/ANGEL PESADO/Desktop/SimpleCPU/datamem.sv Line: 9
    Warning (13049): Converted tri-state buffer "datamem:datamemory|R_data[8]" feeding internal logic into a wire File: C:/Users/ANGEL PESADO/Desktop/SimpleCPU/datamem.sv Line: 9
    Warning (13049): Converted tri-state buffer "datamem:datamemory|R_data[9]" feeding internal logic into a wire File: C:/Users/ANGEL PESADO/Desktop/SimpleCPU/datamem.sv Line: 9
    Warning (13049): Converted tri-state buffer "datamem:datamemory|R_data[10]" feeding internal logic into a wire File: C:/Users/ANGEL PESADO/Desktop/SimpleCPU/datamem.sv Line: 9
    Warning (13049): Converted tri-state buffer "datamem:datamemory|R_data[11]" feeding internal logic into a wire File: C:/Users/ANGEL PESADO/Desktop/SimpleCPU/datamem.sv Line: 9
    Warning (13049): Converted tri-state buffer "datamem:datamemory|R_data[12]" feeding internal logic into a wire File: C:/Users/ANGEL PESADO/Desktop/SimpleCPU/datamem.sv Line: 9
    Warning (13049): Converted tri-state buffer "datamem:datamemory|R_data[13]" feeding internal logic into a wire File: C:/Users/ANGEL PESADO/Desktop/SimpleCPU/datamem.sv Line: 9
    Warning (13049): Converted tri-state buffer "datamem:datamemory|R_data[14]" feeding internal logic into a wire File: C:/Users/ANGEL PESADO/Desktop/SimpleCPU/datamem.sv Line: 9
    Warning (13049): Converted tri-state buffer "datamem:datamemory|R_data[15]" feeding internal logic into a wire File: C:/Users/ANGEL PESADO/Desktop/SimpleCPU/datamem.sv Line: 9
    Warning (13049): Converted tri-state buffer "datapath:execunit|rf:RegBank|Rp_data[14]" feeding internal logic into a wire File: C:/Users/ANGEL PESADO/Desktop/SimpleCPU/rf.sv Line: 12
    Warning (13049): Converted tri-state buffer "datapath:execunit|rf:RegBank|Rp_data[13]" feeding internal logic into a wire File: C:/Users/ANGEL PESADO/Desktop/SimpleCPU/rf.sv Line: 12
    Warning (13049): Converted tri-state buffer "datapath:execunit|rf:RegBank|Rp_data[12]" feeding internal logic into a wire File: C:/Users/ANGEL PESADO/Desktop/SimpleCPU/rf.sv Line: 12
    Warning (13049): Converted tri-state buffer "datapath:execunit|rf:RegBank|Rp_data[11]" feeding internal logic into a wire File: C:/Users/ANGEL PESADO/Desktop/SimpleCPU/rf.sv Line: 12
    Warning (13049): Converted tri-state buffer "datapath:execunit|rf:RegBank|Rp_data[10]" feeding internal logic into a wire File: C:/Users/ANGEL PESADO/Desktop/SimpleCPU/rf.sv Line: 12
    Warning (13049): Converted tri-state buffer "datapath:execunit|rf:RegBank|Rp_data[9]" feeding internal logic into a wire File: C:/Users/ANGEL PESADO/Desktop/SimpleCPU/rf.sv Line: 12
    Warning (13049): Converted tri-state buffer "datapath:execunit|rf:RegBank|Rp_data[8]" feeding internal logic into a wire File: C:/Users/ANGEL PESADO/Desktop/SimpleCPU/rf.sv Line: 12
    Warning (13049): Converted tri-state buffer "datapath:execunit|rf:RegBank|Rp_data[7]" feeding internal logic into a wire File: C:/Users/ANGEL PESADO/Desktop/SimpleCPU/rf.sv Line: 12
    Warning (13049): Converted tri-state buffer "datapath:execunit|rf:RegBank|Rp_data[6]" feeding internal logic into a wire File: C:/Users/ANGEL PESADO/Desktop/SimpleCPU/rf.sv Line: 12
    Warning (13049): Converted tri-state buffer "datapath:execunit|rf:RegBank|Rp_data[5]" feeding internal logic into a wire File: C:/Users/ANGEL PESADO/Desktop/SimpleCPU/rf.sv Line: 12
    Warning (13049): Converted tri-state buffer "datapath:execunit|rf:RegBank|Rp_data[4]" feeding internal logic into a wire File: C:/Users/ANGEL PESADO/Desktop/SimpleCPU/rf.sv Line: 12
    Warning (13049): Converted tri-state buffer "datapath:execunit|rf:RegBank|Rp_data[3]" feeding internal logic into a wire File: C:/Users/ANGEL PESADO/Desktop/SimpleCPU/rf.sv Line: 12
    Warning (13049): Converted tri-state buffer "datapath:execunit|rf:RegBank|Rp_data[2]" feeding internal logic into a wire File: C:/Users/ANGEL PESADO/Desktop/SimpleCPU/rf.sv Line: 12
    Warning (13049): Converted tri-state buffer "datapath:execunit|rf:RegBank|Rp_data[1]" feeding internal logic into a wire File: C:/Users/ANGEL PESADO/Desktop/SimpleCPU/rf.sv Line: 12
    Warning (13049): Converted tri-state buffer "datapath:execunit|rf:RegBank|Rp_data[0]" feeding internal logic into a wire File: C:/Users/ANGEL PESADO/Desktop/SimpleCPU/rf.sv Line: 12
    Warning (13049): Converted tri-state buffer "datapath:execunit|rf:RegBank|Rq_data[15]" feeding internal logic into a wire File: C:/Users/ANGEL PESADO/Desktop/SimpleCPU/rf.sv Line: 14
    Warning (13049): Converted tri-state buffer "datapath:execunit|rf:RegBank|Rq_data[14]" feeding internal logic into a wire File: C:/Users/ANGEL PESADO/Desktop/SimpleCPU/rf.sv Line: 14
    Warning (13049): Converted tri-state buffer "datapath:execunit|rf:RegBank|Rq_data[13]" feeding internal logic into a wire File: C:/Users/ANGEL PESADO/Desktop/SimpleCPU/rf.sv Line: 14
    Warning (13049): Converted tri-state buffer "datapath:execunit|rf:RegBank|Rq_data[12]" feeding internal logic into a wire File: C:/Users/ANGEL PESADO/Desktop/SimpleCPU/rf.sv Line: 14
    Warning (13049): Converted tri-state buffer "datapath:execunit|rf:RegBank|Rq_data[11]" feeding internal logic into a wire File: C:/Users/ANGEL PESADO/Desktop/SimpleCPU/rf.sv Line: 14
    Warning (13049): Converted tri-state buffer "datapath:execunit|rf:RegBank|Rq_data[10]" feeding internal logic into a wire File: C:/Users/ANGEL PESADO/Desktop/SimpleCPU/rf.sv Line: 14
    Warning (13049): Converted tri-state buffer "datapath:execunit|rf:RegBank|Rq_data[9]" feeding internal logic into a wire File: C:/Users/ANGEL PESADO/Desktop/SimpleCPU/rf.sv Line: 14
    Warning (13049): Converted tri-state buffer "datapath:execunit|rf:RegBank|Rq_data[8]" feeding internal logic into a wire File: C:/Users/ANGEL PESADO/Desktop/SimpleCPU/rf.sv Line: 14
    Warning (13049): Converted tri-state buffer "datapath:execunit|rf:RegBank|Rq_data[7]" feeding internal logic into a wire File: C:/Users/ANGEL PESADO/Desktop/SimpleCPU/rf.sv Line: 14
    Warning (13049): Converted tri-state buffer "datapath:execunit|rf:RegBank|Rq_data[6]" feeding internal logic into a wire File: C:/Users/ANGEL PESADO/Desktop/SimpleCPU/rf.sv Line: 14
    Warning (13049): Converted tri-state buffer "datapath:execunit|rf:RegBank|Rq_data[5]" feeding internal logic into a wire File: C:/Users/ANGEL PESADO/Desktop/SimpleCPU/rf.sv Line: 14
    Warning (13049): Converted tri-state buffer "datapath:execunit|rf:RegBank|Rq_data[4]" feeding internal logic into a wire File: C:/Users/ANGEL PESADO/Desktop/SimpleCPU/rf.sv Line: 14
    Warning (13049): Converted tri-state buffer "datapath:execunit|rf:RegBank|Rq_data[3]" feeding internal logic into a wire File: C:/Users/ANGEL PESADO/Desktop/SimpleCPU/rf.sv Line: 14
    Warning (13049): Converted tri-state buffer "datapath:execunit|rf:RegBank|Rq_data[2]" feeding internal logic into a wire File: C:/Users/ANGEL PESADO/Desktop/SimpleCPU/rf.sv Line: 14
    Warning (13049): Converted tri-state buffer "datapath:execunit|rf:RegBank|Rq_data[1]" feeding internal logic into a wire File: C:/Users/ANGEL PESADO/Desktop/SimpleCPU/rf.sv Line: 14
    Warning (13049): Converted tri-state buffer "datapath:execunit|rf:RegBank|Rq_data[0]" feeding internal logic into a wire File: C:/Users/ANGEL PESADO/Desktop/SimpleCPU/rf.sv Line: 14
    Warning (13049): Converted tri-state buffer "datapath:execunit|rf:RegBank|Rp_data[15]" feeding internal logic into a wire File: C:/Users/ANGEL PESADO/Desktop/SimpleCPU/rf.sv Line: 12
    Warning (13049): Converted tri-state buffer "asyncmem:instmem|data_out[0]" feeding internal logic into a wire File: C:/Users/ANGEL PESADO/Desktop/SimpleCPU/asyncmem.sv Line: 9
    Warning (13049): Converted tri-state buffer "asyncmem:instmem|data_out[1]" feeding internal logic into a wire File: C:/Users/ANGEL PESADO/Desktop/SimpleCPU/asyncmem.sv Line: 9
    Warning (13049): Converted tri-state buffer "asyncmem:instmem|data_out[2]" feeding internal logic into a wire File: C:/Users/ANGEL PESADO/Desktop/SimpleCPU/asyncmem.sv Line: 9
    Warning (13049): Converted tri-state buffer "asyncmem:instmem|data_out[3]" feeding internal logic into a wire File: C:/Users/ANGEL PESADO/Desktop/SimpleCPU/asyncmem.sv Line: 9
    Warning (13049): Converted tri-state buffer "asyncmem:instmem|data_out[4]" feeding internal logic into a wire File: C:/Users/ANGEL PESADO/Desktop/SimpleCPU/asyncmem.sv Line: 9
    Warning (13049): Converted tri-state buffer "asyncmem:instmem|data_out[5]" feeding internal logic into a wire File: C:/Users/ANGEL PESADO/Desktop/SimpleCPU/asyncmem.sv Line: 9
    Warning (13049): Converted tri-state buffer "asyncmem:instmem|data_out[6]" feeding internal logic into a wire File: C:/Users/ANGEL PESADO/Desktop/SimpleCPU/asyncmem.sv Line: 9
    Warning (13049): Converted tri-state buffer "asyncmem:instmem|data_out[7]" feeding internal logic into a wire File: C:/Users/ANGEL PESADO/Desktop/SimpleCPU/asyncmem.sv Line: 9
    Warning (13049): Converted tri-state buffer "asyncmem:instmem|data_out[8]" feeding internal logic into a wire File: C:/Users/ANGEL PESADO/Desktop/SimpleCPU/asyncmem.sv Line: 9
    Warning (13049): Converted tri-state buffer "asyncmem:instmem|data_out[9]" feeding internal logic into a wire File: C:/Users/ANGEL PESADO/Desktop/SimpleCPU/asyncmem.sv Line: 9
    Warning (13049): Converted tri-state buffer "asyncmem:instmem|data_out[10]" feeding internal logic into a wire File: C:/Users/ANGEL PESADO/Desktop/SimpleCPU/asyncmem.sv Line: 9
    Warning (13049): Converted tri-state buffer "asyncmem:instmem|data_out[11]" feeding internal logic into a wire File: C:/Users/ANGEL PESADO/Desktop/SimpleCPU/asyncmem.sv Line: 9
    Warning (13049): Converted tri-state buffer "asyncmem:instmem|data_out[12]" feeding internal logic into a wire File: C:/Users/ANGEL PESADO/Desktop/SimpleCPU/asyncmem.sv Line: 9
    Warning (13049): Converted tri-state buffer "asyncmem:instmem|data_out[13]" feeding internal logic into a wire File: C:/Users/ANGEL PESADO/Desktop/SimpleCPU/asyncmem.sv Line: 9
    Warning (13049): Converted tri-state buffer "asyncmem:instmem|data_out[14]" feeding internal logic into a wire File: C:/Users/ANGEL PESADO/Desktop/SimpleCPU/asyncmem.sv Line: 9
Info (286030): Timing-Driven Synthesis is running
Info (17049): 274 registers lost all their fanouts during netlist optimizations.
Info (16010): Generating hard_block partition "hard_block:auto_generated_inst"
    Info (16011): Adding 0 node(s), including 0 DDIO, 0 PLL, 0 transceiver and 0 LCELL
Info (21057): Implemented 26 device resources after synthesis - the final resource count might be different
    Info (21058): Implemented 2 input pins
    Info (21059): Implemented 10 output pins
    Info (21061): Implemented 14 logic cells
Info: Quartus Prime Analysis & Synthesis was successful. 0 errors, 68 warnings
    Info: Peak virtual memory: 4801 megabytes
    Info: Processing ended: Mon Sep 13 13:49:55 2021
    Info: Elapsed time: 00:00:17
    Info: Total CPU time (on all processors): 00:00:33


